[1 of 1] Compiling Main             ( prof-locale.hs, prof-locale.o )
Linking prof-locale ...
3â€¯141,593
